// Jest Snapshot v1, https://goo.gl/fbAQLP

exports[`Home page matches snapshot 1`] = `
<DocumentFragment>
  <div
    class="app"
  >
    <p
      class="timer"
    >
      90
    </p>
    <div
      class="dungeon "
    >
      <img
        class="dungeon-img"
        src="open-dg.png"
      />
    </div>
    <div
      class="controls"
    >
      <div
        class="button start-button"
      >
        Start
      </div>
    </div>
  </div>
</DocumentFragment>
`;
